ℹ [6/49] Replayed QIKVRTFormalization.Process.ShiftInvariance
info: ././././QIKVRTFormalization/Process/ShiftInvariance.lean:90:0: 'QIKVRT.V2.Trajectory.bounded_shiftBy_iff' depends on axioms: [propext]
info: ././././QIKVRTFormalization/Process/ShiftInvariance.lean:91:0: 'QIKVRT.V2.Trajectory.exactStatus_shiftBy' depends on axioms: [propext, Classical.choice, Quot.sound]
info: ././././QIKVRTFormalization/Process/ShiftInvariance.lean:92:0: 'QIKVRT.V2.Trajectory.GAT003_checked' depends on axioms: [propext, Classical.choice, Quot.sound]
ℹ [7/49] Replayed QIKVRTFormalization.Process.OperationalContinuation
info: ././././QIKVRTFormalization/Process/OperationalContinuation.lean:190:0: 'QIKVRT.V2.OperationalContinuation.survival_at_successor_iff_viable_connection_and_tail' does not depend on any axioms
info: ././././QIKVRTFormalization/Process/OperationalContinuation.lean:191:0: 'QIKVRT.V2.OperationalContinuation.nonconnectable_cannot_survive' does not depend on any axioms
info: ././././QIKVRTFormalization/Process/OperationalContinuation.lean:192:0: 'QIKVRT.V2.OperationalContinuation.survival_horizon_monotone' does not depend on any axioms
info: ././././QIKVRTFormalization/Process/OperationalContinuation.lean:193:0: 'QIKVRT.V2.OperationalContinuation.FIT001_checked' does not depend on any axioms
ℹ [8/49] Replayed QIKVRTFormalization.Process.ConnectabilitySimulation
info: ././././QIKVRTFormalization/Process/ConnectabilitySimulation.lean:372:0: 'QIKVRT.V2.ConnectabilitySimulation.valid_step_has_typed_transition' does not depend on any axioms
info: ././././QIKVRTFormalization/Process/ConnectabilitySimulation.lean:373:0: 'QIKVRT.V2.ConnectabilitySimulation.viable_trace_start_viable' does not depend on any axioms
info: ././././QIKVRTFormalization/Process/ConnectabilitySimulation.lean:374:0: 'QIKVRT.V2.ConnectabilitySimulation.viable_trace_target_viable' does not depend on any axioms
info: ././././QIKVRTFormalization/Process/ConnectabilitySimulation.lean:375:0: 'QIKVRT.V2.ConnectabilitySimulation.simulation_preserves_viable_trace' does not depend on any axioms
info: ././././QIKVRTFormalization/Process/ConnectabilitySimulation.lean:376:0: 'QIKVRT.V2.ConnectabilitySimulation.pointed_simulation_implies_viable_language_inclusion' does not depend on any axioms
info: ././././QIKVRTFormalization/Process/ConnectabilitySimulation.lean:377:0: 'QIKVRT.V2.ConnectabilitySimulation.simulation_implies_viable_language_inclusion' does not depend on any axioms
info: ././././QIKVRTFormalization/Process/ConnectabilitySimulation.lean:378:0: 'QIKVRT.V2.ConnectabilitySimulation.at_least_as_connectable_refl' does not depend on any axioms
info: ././././QIKVRTFormalization/Process/ConnectabilitySimulation.lean:379:0: 'QIKVRT.V2.ConnectabilitySimulation.at_least_as_connectable_trans' does not depend on any axioms
info: ././././QIKVRTFormalization/Process/ConnectabilitySimulation.lean:380:0: 'QIKVRT.V2.ConnectabilitySimulation.FIT002_checked' does not depend on any axioms
info: ././././QIKVRTFormalization/Process/ConnectabilitySimulation.lean:381:0: 'QIKVRT.V2.ConnectabilitySimulation.FIT003_checked' does not depend on any axioms
ℹ [9/49] Replayed QIKVRTFormalization.Process.WeightedConnectability
info: ././././QIKVRTFormalization/Process/WeightedConnectability.lean:238:0: 'QIKVRT.V2.WeightedConnectability.weightedMass_mono' does not depend on any axioms
info: ././././QIKVRTFormalization/Process/WeightedConnectability.lean:239:0: 'QIKVRT.V2.WeightedConnectability.weightedMass_append' does not depend on any axioms
info: ././././QIKVRTFormalization/Process/WeightedConnectability.lean:240:0: 'QIKVRT.V2.WeightedConnectability.weightedMass_strict_of_positive_witness' does not depend on any axioms
info: ././././QIKVRTFormalization/Process/WeightedConnectability.lean:241:0: 'QIKVRT.V2.WeightedConnectability.MAT001_checked' does not depend on any axioms
info: ././././QIKVRTFormalization/Process/WeightedConnectability.lean:242:0: 'QIKVRT.V2.WeightedConnectability.MAT002_checked' does not depend on any axioms
ℹ [10/49] Replayed QIKVRTFormalization.Escape.FiniteStages
info: ././././QIKVRTFormalization/Escape/FiniteStages.lean:66:0: 'QIKVRT.V2.Escape.stage_mono' does not depend on any axioms
info: ././././QIKVRTFormalization/Escape/FiniteStages.lean:67:0: 'QIKVRT.V2.Escape.exists_stage_iff_finite_witness' does not depend on any axioms
info: ././././QIKVRTFormalization/Escape/FiniteStages.lean:68:0: 'QIKVRT.V2.Escape.finite_stages_reconstruct' depends on axioms: [propext, Quot.sound]
info: ././././QIKVRTFormalization/Escape/FiniteStages.lean:69:0: 'QIKVRT.V2.Escape.ESC003A_checked' depends on axioms: [propext, Quot.sound]
ℹ [13/49] Replayed QIKVRTFormalization.Physics.EmpiricalBridge
info: ././././QIKVRTFormalization/Physics/EmpiricalBridge.lean:68:0: 'QIKVRT.V2.Physics.physicallySupported_of_bridge' does not depend on any axioms
info: ././././QIKVRTFormalization/Physics/EmpiricalBridge.lean:69:0: 'QIKVRT.V2.Physics.physicallySupported_has_model_evidence' does not depend on any axioms
info: ././././QIKVRTFormalization/Physics/EmpiricalBridge.lean:70:0: 'QIKVRT.V2.Physics.no_backward_step' does not depend on any axioms
info: ././././QIKVRTFormalization/Physics/EmpiricalBridge.lean:71:0: 'QIKVRT.V2.Physics.reclassification_without_backward_step' does not depend on any axioms
ℹ [14/49] Replayed QIKVRTFormalization.Definitions.Manuscript
info: ././././QIKVRTFormalization/Definitions/Manuscript.lean:422:0: 'QIKVRT.V2.Definitions.DEF001_checked' does not depend on any axioms
info: ././././QIKVRTFormalization/Definitions/Manuscript.lean:423:0: 'QIKVRT.V2.Definitions.DEF002_checked' does not depend on any axioms
info: ././././QIKVRTFormalization/Definitions/Manuscript.lean:424:0: 'QIKVRT.V2.Definitions.DEF003_checked' depends on axioms: [propext, Classical.choice, Quot.sound]
info: ././././QIKVRTFormalization/Definitions/Manuscript.lean:425:0: 'QIKVRT.V2.Definitions.DEF004_checked' does not depend on any axioms
info: ././././QIKVRTFormalization/Definitions/Manuscript.lean:426:0: 'QIKVRT.V2.Definitions.DEF005_checked' does not depend on any axioms
info: ././././QIKVRTFormalization/Definitions/Manuscript.lean:427:0: 'QIKVRT.V2.Definitions.DEF006_checked' does not depend on any axioms
info: ././././QIKVRTFormalization/Definitions/Manuscript.lean:428:0: 'QIKVRT.V2.Definitions.DEF007_checked' does not depend on any axioms
info: ././././QIKVRTFormalization/Definitions/Manuscript.lean:429:0: 'QIKVRT.V2.Definitions.DEF008_checked' does not depend on any axioms
info: ././././QIKVRTFormalization/Definitions/Manuscript.lean:430:0: 'QIKVRT.V2.Definitions.DEF009_checked' does not depend on any axioms
info: ././././QIKVRTFormalization/Definitions/Manuscript.lean:431:0: 'QIKVRT.V2.Definitions.DEF010_checked' depends on axioms: [propext, Classical.choice, Quot.sound]
info: ././././QIKVRTFormalization/Definitions/Manuscript.lean:432:0: 'QIKVRT.V2.Definitions.DEF011_checked' does not depend on any axioms
info: ././././QIKVRTFormalization/Definitions/Manuscript.lean:433:0: 'QIKVRT.V2.Definitions.DEF012_checked' does not depend on any axioms
info: ././././QIKVRTFormalization/Definitions/Manuscript.lean:434:0: 'QIKVRT.V2.Definitions.DEF013_checked' does not depend on any axioms
info: ././././QIKVRTFormalization/Definitions/Manuscript.lean:435:0: 'QIKVRT.V2.Definitions.DEF014_checked' does not depend on any axioms
info: ././././QIKVRTFormalization/Definitions/Manuscript.lean:436:0: 'QIKVRT.V2.Definitions.DEF015_checked' does not depend on any axioms
info: ././././QIKVRTFormalization/Definitions/Manuscript.lean:437:0: 'QIKVRT.V2.Definitions.DEF016_checked' does not depend on any axioms
info: ././././QIKVRTFormalization/Definitions/Manuscript.lean:438:0: 'QIKVRT.V2.Definitions.DEF017_checked' does not depend on any axioms
info: ././././QIKVRTFormalization/Definitions/Manuscript.lean:439:0: 'QIKVRT.V2.Definitions.DEF018_checked' does not depend on any axioms
info: ././././QIKVRTFormalization/Definitions/Manuscript.lean:440:0: 'QIKVRT.V2.Definitions.DEF019_checked' does not depend on any axioms
info: ././././QIKVRTFormalization/Definitions/Manuscript.lean:441:0: 'QIKVRT.V2.Definitions.DEF020_checked' does not depend on any axioms
ℹ [18/49] Replayed QIKVRTFormalization.Completion.OpenClaims
info: ././././QIKVRTFormalization/Completion/OpenClaims.lean:395:0: 'QIKVRT.V2.Completion.ESC004_checked' depends on axioms: [propext, Quot.sound]
info: ././././QIKVRTFormalization/Completion/OpenClaims.lean:396:0: 'QIKVRT.V2.Completion.ESC005_checked' depends on axioms: [propext, Classical.choice, Quot.sound]
info: ././././QIKVRTFormalization/Completion/OpenClaims.lean:397:0: 'QIKVRT.V2.Completion.ESC003_checked' depends on axioms: [propext, Quot.sound]
info: ././././QIKVRTFormalization/Completion/OpenClaims.lean:398:0: 'QIKVRT.V2.Completion.QUA004_checked' does not depend on any axioms
info: ././././QIKVRTFormalization/Completion/OpenClaims.lean:399:0: 'QIKVRT.V2.Completion.QUA005_checked' depends on axioms: [propext, Quot.sound]
info: ././././QIKVRTFormalization/Completion/OpenClaims.lean:400:0: 'QIKVRT.V2.Completion.QUA003_checked' depends on axioms: [propext, Quot.sound]
info: ././././QIKVRTFormalization/Completion/OpenClaims.lean:401:0: 'QIKVRT.V2.Completion.GAT003_checked' depends on axioms: [propext, Classical.choice, Quot.sound]
info: ././././QIKVRTFormalization/Completion/OpenClaims.lean:402:0: 'QIKVRT.V2.Completion.GAT007_checked' depends on axioms: [propext, Classical.choice, Quot.sound]
info: ././././QIKVRTFormalization/Completion/OpenClaims.lean:403:0: 'QIKVRT.V2.Completion.DIM006_checked' does not depend on any axioms
info: ././././QIKVRTFormalization/Completion/OpenClaims.lean:404:0: 'QIKVRT.V2.Completion.DIM007_checked' depends on axioms: [propext, Quot.sound]
ℹ [27/49] Replayed QIKVRTFormalization.Claims.Batch04
info: ././././QIKVRTFormalization/Claims/Batch04.lean:30:0: 'QIKVRT.V2.Claims.GAT003' depends on axioms: [propext, Classical.choice, Quot.sound]
⚠ [32/49] Replayed QIKVRTFormalization.Hardware.AuthorityMirrorWitness
warning: ././././QIKVRTFormalization/Hardware/AuthorityMirrorWitness.lean:229:5: unused variable `stable`
note: this linter can be disabled with `set_option linter.unusedVariables false`
⚠ [45/49] Replayed QIKVRTUniversalOntology.Core
warning: ././././QIKVRTUniversalOntology/Core.lean:145:35: unused variable `model`
note: this linter can be disabled with `set_option linter.unusedVariables false`
✔ [48/49] Built QIKVRTFormalization
Build completed successfully.
